==== Building GLFW (debug) ====
==== Building GLEW (debug) ====
==== Building STB (debug) ====
==== Building ImGui (debug) ====
==== Building NigoziEngine (debug) ====
==== Building Sandbox (debug) ====
Linking Sandbox
/usr/bin/ld: ../dependencies/libs/GLFW/libGLFW.a(wl_window.o): warning: relocation against `_glfw_xdg_activation_token_v1_interface' in read-only section `.text'
/usr/bin/ld: ../bin/Debug-linux-x86_64/NigoziEngine/libNigoziEngine.a(Renderer2D.o): in function `Nigozi::Renderer2D::Initialize()':
/home/user/Desktop/Dev/C++/NigoziEngine/NigoziEngine/src/Nigozi/glcore/Renderer2D.cpp:57:(.text+0x497): undefined reference to `Nigozi::Renderer2DData::MaxIndicies'
/usr/bin/ld: ../dependencies/libs/GLFW/libGLFW.a(wl_init.o): in function `wl_display_sync':
/home/user/Desktop/Dev/C++/NigoziEngine/dependencies/glfw/src/wl_init.c:1050:(.text+0x3b): undefined reference to `_glfw_wl_callback_interface'
/usr/bin/ld: ../dependencies/libs/GLFW/libGLFW.a(wl_init.o): in function `wl_display_get_registry':
/home/user/Desktop/Dev/C++/NigoziEngine/dependencies/glfw/src/wl_init.c:1074:(.text+0x97): undefined reference to `_glfw_wl_registry_interface'
/usr/bin/ld: ../dependencies/libs/GLFW/libGLFW.a(wl_init.o): in function `wl_compositor_create_surface':
/home/user/Desktop/Dev/C++/NigoziEngine/dependencies/glfw/src/wl_init.c:1303:(.text+0x219): undefined reference to `_glfw_wl_surface_interface'
/usr/bin/ld: ../dependencies/libs/GLFW/libGLFW.a(wl_init.o): in function `wl_data_device_manager_get_data_device':
/home/user/Desktop/Dev/C++/NigoziEngine/dependencies/glfw/src/wl_init.c:2974:(.text+0x377): undefined reference to `_glfw_wl_data_device_interface'
/usr/bin/ld: ../dependencies/libs/GLFW/libGLFW.a(wl_init.o): in function `registryHandleGlobal':
/home/user/Desktop/Dev/C++/NigoziEngine/dependencies/glfw/src/wl_init.c:115:(.text+0x822): undefined reference to `_glfw_wl_compositor_interface'
/usr/bin/ld: /home/user/Desktop/Dev/C++/NigoziEngine/dependencies/glfw/src/wl_init.c:121:(.text+0x863): undefined reference to `_glfw_wl_subcompositor_interface'
/usr/bin/ld: /home/user/Desktop/Dev/C++/NigoziEngine/dependencies/glfw/src/wl_init.c:126:(.text+0x8a4): undefined reference to `_glfw_wl_shm_interface'
/usr/bin/ld: /home/user/Desktop/Dev/C++/NigoziEngine/dependencies/glfw/src/wl_init.c:137:(.text+0x935): undefined reference to `_glfw_wl_seat_interface'
/usr/bin/ld: /home/user/Desktop/Dev/C++/NigoziEngine/dependencies/glfw/src/wl_init.c:154:(.text+0x9c2): undefined reference to `_glfw_wl_data_device_manager_interface'
/usr/bin/ld: /home/user/Desktop/Dev/C++/NigoziEngine/dependencies/glfw/src/wl_init.c:161:(.text+0xa03): undefined reference to `_glfw_xdg_wm_base_interface'
/usr/bin/ld: /home/user/Desktop/Dev/C++/NigoziEngine/dependencies/glfw/src/wl_init.c:167:(.text+0xa62): undefined reference to `_glfw_zxdg_decoration_manager_v1_interface'
/usr/bin/ld: /home/user/Desktop/Dev/C++/NigoziEngine/dependencies/glfw/src/wl_init.c:174:(.text+0xaa3): undefined reference to `_glfw_wp_viewporter_interface'
/usr/bin/ld: /home/user/Desktop/Dev/C++/NigoziEngine/dependencies/glfw/src/wl_init.c:179:(.text+0xae4): undefined reference to `_glfw_zwp_relative_pointer_manager_v1_interface'
/usr/bin/ld: /home/user/Desktop/Dev/C++/NigoziEngine/dependencies/glfw/src/wl_init.c:186:(.text+0xb25): undefined reference to `_glfw_zwp_pointer_constraints_v1_interface'
/usr/bin/ld: /home/user/Desktop/Dev/C++/NigoziEngine/dependencies/glfw/src/wl_init.c:193:(.text+0xb66): undefined reference to `_glfw_zwp_idle_inhibit_manager_v1_interface'
/usr/bin/ld: /home/user/Desktop/Dev/C++/NigoziEngine/dependencies/glfw/src/wl_init.c:200:(.text+0xba4): undefined reference to `_glfw_xdg_activation_v1_interface'
/usr/bin/ld: ../dependencies/libs/GLFW/libGLFW.a(wl_monitor.o): in function `_glfwAddOutputWayland':
/home/user/Desktop/Dev/C++/NigoziEngine/dependencies/glfw/src/wl_monitor.c:171:(.text+0x51c): undefined reference to `_glfw_wl_output_interface'
/usr/bin/ld: ../dependencies/libs/GLFW/libGLFW.a(wl_window.o): in function `wl_display_sync':
/usr/include/wayland-client-protocol.h:1050:(.text+0x6b): undefined reference to `_glfw_wl_callback_interface'
/usr/bin/ld: ../dependencies/libs/GLFW/libGLFW.a(wl_window.o): in function `wl_compositor_create_surface':
/usr/include/wayland-client-protocol.h:1303:(.text+0xe5): undefined reference to `_glfw_wl_surface_interface'
/usr/bin/ld: ../dependencies/libs/GLFW/libGLFW.a(wl_window.o): in function `wl_compositor_create_region':
/usr/include/wayland-client-protocol.h:1319:(.text+0x141): undefined reference to `_glfw_wl_region_interface'
/usr/bin/ld: ../dependencies/libs/GLFW/libGLFW.a(wl_window.o): in function `wl_shm_pool_create_buffer':
/usr/include/wayland-client-protocol.h:1383:(.text+0x1c4): undefined reference to `_glfw_wl_buffer_interface'
/usr/bin/ld: ../dependencies/libs/GLFW/libGLFW.a(wl_window.o): in function `wl_shm_create_pool':
/usr/include/wayland-client-protocol.h:1950:(.text+0x27d): undefined reference to `_glfw_wl_shm_pool_interface'
/usr/bin/ld: ../dependencies/libs/GLFW/libGLFW.a(wl_window.o): in function `wl_data_device_manager_create_data_source':
/usr/include/wayland-client-protocol.h:2958:(.text+0x5e1): undefined reference to `_glfw_wl_data_source_interface'
/usr/bin/ld: ../dependencies/libs/GLFW/libGLFW.a(wl_window.o): in function `wl_seat_get_pointer':
/usr/include/wayland-client-protocol.h:4315:(.text+0x963): undefined reference to `_glfw_wl_pointer_interface'
/usr/bin/ld: ../dependencies/libs/GLFW/libGLFW.a(wl_window.o): in function `wl_seat_get_keyboard':
/usr/include/wayland-client-protocol.h:4338:(.text+0x9bf): undefined reference to `_glfw_wl_keyboard_interface'
/usr/bin/ld: ../dependencies/libs/GLFW/libGLFW.a(wl_window.o): in function `wl_subcompositor_get_subsurface':
/usr/include/wayland-client-protocol.h:6028:(.text+0xc1a): undefined reference to `_glfw_wl_subsurface_interface'
/usr/bin/ld: ../dependencies/libs/GLFW/libGLFW.a(wl_window.o): in function `xdg_wm_base_get_xdg_surface':
/home/user/Desktop/Dev/C++/NigoziEngine/dependencies/glfw/src/xdg-shell-client-protocol.h:538:(.text+0xd35): undefined reference to `_glfw_xdg_surface_interface'
/usr/bin/ld: ../dependencies/libs/GLFW/libGLFW.a(wl_window.o): in function `xdg_surface_get_toplevel':
/home/user/Desktop/Dev/C++/NigoziEngine/dependencies/glfw/src/xdg-shell-client-protocol.h:1114:(.text+0xe14): undefined reference to `_glfw_xdg_toplevel_interface'
/usr/bin/ld: ../dependencies/libs/GLFW/libGLFW.a(wl_window.o): in function `zxdg_decoration_manager_v1_get_toplevel_decoration':
/home/user/Desktop/Dev/C++/NigoziEngine/dependencies/glfw/src/xdg-decoration-unstable-v1-client-protocol.h:197:(.text+0x1393): undefined reference to `_glfw_zxdg_toplevel_decoration_v1_interface'
/usr/bin/ld: ../dependencies/libs/GLFW/libGLFW.a(wl_window.o): in function `wp_viewporter_get_viewport':
/home/user/Desktop/Dev/C++/NigoziEngine/dependencies/glfw/src/viewporter-client-protocol.h:271:(.text+0x14d3): undefined reference to `_glfw_wp_viewport_interface'
/usr/bin/ld: ../dependencies/libs/GLFW/libGLFW.a(wl_window.o): in function `zwp_relative_pointer_manager_v1_get_relative_pointer':
/home/user/Desktop/Dev/C++/NigoziEngine/dependencies/glfw/src/relative-pointer-unstable-v1-client-protocol.h:176:(.text+0x15ee): undefined reference to `_glfw_zwp_relative_pointer_v1_interface'
/usr/bin/ld: ../dependencies/libs/GLFW/libGLFW.a(wl_window.o): in function `zwp_pointer_constraints_v1_lock_pointer':
/home/user/Desktop/Dev/C++/NigoziEngine/dependencies/glfw/src/pointer-constraints-unstable-v1-client-protocol.h:369:(.text+0x16e8): undefined reference to `_glfw_zwp_locked_pointer_v1_interface'
/usr/bin/ld: ../dependencies/libs/GLFW/libGLFW.a(wl_window.o): in function `zwp_pointer_constraints_v1_confine_pointer':
/home/user/Desktop/Dev/C++/NigoziEngine/dependencies/glfw/src/pointer-constraints-unstable-v1-client-protocol.h:401:(.text+0x1763): undefined reference to `_glfw_zwp_confined_pointer_v1_interface'
/usr/bin/ld: ../dependencies/libs/GLFW/libGLFW.a(wl_window.o): in function `xdg_activation_v1_get_activation_token':
/home/user/Desktop/Dev/C++/NigoziEngine/dependencies/glfw/src/xdg-activation-v1-client-protocol.h:212:(.text+0x18c1): undefined reference to `_glfw_xdg_activation_token_v1_interface'
/usr/bin/ld: ../dependencies/libs/GLFW/libGLFW.a(wl_window.o): in function `zwp_idle_inhibit_manager_v1_create_inhibitor':
/home/user/Desktop/Dev/C++/NigoziEngine/dependencies/glfw/src/idle-inhibit-unstable-v1-client-protocol.h:182:(.text+0x1b70): undefined reference to `_glfw_zwp_idle_inhibitor_v1_interface'
/usr/bin/ld: ../dependencies/libs/GLFW/libGLFW.a(wl_window.o): in function `wp_fractional_scale_manager_v1_get_fractional_scale':
/home/user/Desktop/Dev/C++/NigoziEngine/dependencies/glfw/src/fractional-scale-v1-client-protocol.h:178:(.text+0x1c28): undefined reference to `_glfw_wp_fractional_scale_v1_interface'
/usr/bin/ld: warning: creating DT_TEXTREL in a PIE
collect2: error: ld returned 1 exit status
make[1]: *** [Makefile:104: ../bin/Debug-linux-x86_64/Sandbox/Sandbox] Error 1
make: *** [Makefile:84: Sandbox] Error 2
